[    0.000000] Linux version 4.15.0-166-generic (buildd@lgw01-amd64-012) (gcc version 7.5.0 (Ubuntu 7.5.0-3ubuntu1~18.04)) #174-Ubuntu SMP Wed Dec 8 19:07:44 UTC 2021 (Ubuntu 4.15.0-166.174-generic 4.15.18)
[    0.000000] Command line: BOOT_IMAGE=/boot/vmlinuz-4.15.0-166-generic root=LABEL=cloudimg-rootfs ro console=tty1 console=ttyS0
[    0.000000] KERNEL supported cpus:
[    0.000000]   Intel GenuineIntel
[    0.000000]   AMD AuthenticAMD
[    0.000000]   Centaur CentaurHauls
[    0.000000] x86/fpu: x87 FPU will use FXSAVE
[    0.000000] e820: BIOS-provided physical RAM map:
[    0.000000] BIOS-e820: [mem 0x0000000000000000-0x000000000009fbff] usable
[    0.000000] BIOS-e820: [mem 0x000000000009fc00-0x000000000009ffff] reserved
[    0.000000] BIOS-e820: [mem 0x00000000000f0000-0x00000000000fffff] reserved
[    0.000000] BIOS-e820: [mem 0x0000000000100000-0x000000001ffeffff] usable
[    0.000000] BIOS-e820: [mem 0x000000001fff0000-0x000000001fffffff] ACPI data
[    0.000000] BIOS-e820: [mem 0x00000000fec00000-0x00000000fec00fff] reserved
[    0.000000] BIOS-e820: [mem 0x00000000fee00000-0x00000000fee00fff] reserved
[    0.000000] BIOS-e820: [mem 0x00000000fffc0000-0x00000000ffffffff] reserved
[    0.000000] NX (Execute Disable) protection: active
[    0.000000] SMBIOS 2.5 present.
[    0.000000] DMI: innotek GmbH VirtualBox/VirtualBox, BIOS VirtualBox 12/01/2006
[    0.000000] Hypervisor detected: KVM
[    0.000000] e820: last_pfn = 0x1fff0 max_arch_pfn = 0x400000000
[    0.000000] MTRR: Disabled
[    0.000000] x86/PAT: MTRRs disabled, skipping PAT initialization too.
[    0.000000] CPU MTRRs all blank - virtualized system.
[    0.000000] x86/PAT: Configuration [0-7]: WB  WT  UC- UC  WB  WT  UC- UC  
[    0.000000] found SMP MP-table at [mem 0x0009fff0-0x0009ffff]
[    0.000000] Scanning 1 areas for low memory corruption
[    0.000000] RAMDISK: [mem 0x1db11000-0x1ee24fff]
[    0.000000] ACPI: Early table checksum verification disabled
[    0.000000] ACPI: RSDP 0x00000000000E0000 000024 (v02 VBOX  )
[    0.000000] ACPI: XSDT 0x000000001FFF0030 00003C (v01 VBOX   VBOXXSDT 00000001 ASL  00000061)
[    0.000000] ACPI: FACP 0x000000001FFF00F0 0000F4 (v04 VBOX   VBOXFACP 00000001 ASL  00000061)
[    0.000000] ACPI: DSDT 0x000000001FFF0470 002325 (v02 VBOX   VBOXBIOS 00000002 INTL 20100528)
[    0.000000] ACPI: FACS 0x000000001FFF0200 000040
[    0.000000] ACPI: FACS 0x000000001FFF0200 000040
[    0.000000] ACPI: APIC 0x000000001FFF0240 000054 (v02 VBOX   VBOXAPIC 00000001 ASL  00000061)
[    0.000000] ACPI: SSDT 0x000000001FFF02A0 0001CC (v01 VBOX   VBOXCPUT 00000002 INTL 20100528)
[    0.000000] ACPI: Reserving FACP table memory at [mem 0x1fff00f0-0x1fff01e3]
[    0.000000] ACPI: Reserving DSDT table memory at [mem 0x1fff0470-0x1fff2794]
[    0.000000] ACPI: Reserving FACS table memory at [mem 0x1fff0200-0x1fff023f]
[    0.000000] ACPI: Reserving FACS table memory at [mem 0x1fff0200-0x1fff023f]
[    0.000000] ACPI: Reserving APIC table memory at [mem 0x1fff0240-0x1fff0293]
[    0.000000] ACPI: Reserving SSDT table memory at [mem 0x1fff02a0-0x1fff046b]
[    0.000000] No NUMA configuration found
[    0.000000] Faking a node at [mem 0x0000000000000000-0x000000001ffeffff]
[    0.000000] NODE_DATA(0) allocated [mem 0x1ffc5000-0x1ffeffff]
[    0.000000] kvm-clock: cpu 0, msr 0:1ff44001, primary cpu clock
[    0.000000] kvm-clock: Using msrs 4b564d01 and 4b564d00
[    0.000000] kvm-clock: using sched offset of 9518272662 cycles
[    0.000000] clocksource: kvm-clock: mask: 0xffffffffffffffff max_cycles: 0x1cd42e4dffb, max_idle_ns: 881590591483 ns
[    0.000000] Zone ranges:
[    0.000000]   DMA      [mem 0x0000000000001000-0x0000000000ffffff]
[    0.000000]   DMA32    [mem 0x0000000001000000-0x000000001ffeffff]
[    0.000000]   Normal   empty
[    0.000000]   Device   empty
[    0.000000] Movable zone start for each node
[    0.000000] Early memory node ranges
[    0.000000]   node   0: [mem 0x0000000000001000-0x000000000009efff]
[    0.000000]   node   0: [mem 0x0000000000100000-0x000000001ffeffff]
[    0.000000] Reserved but unavailable: 104 pages
[    0.000000] Initmem setup node 0 [mem 0x0000000000001000-0x000000001ffeffff]
[    0.000000] ACPI: PM-Timer IO Port: 0x4008
[    0.000000] IOAPIC[0]: apic_id 1, version 32, address 0xfec00000, GSI 0-23
[    0.000000] ACPI: INT_SRC_OVR (bus 0 bus_irq 0 global_irq 2 dfl dfl)
[    0.000000] ACPI: INT_SRC_OVR (bus 0 bus_irq 9 global_irq 9 low level)
[    0.000000] Using ACPI (MADT) for SMP configuration information
[    0.000000] smpboot: Allowing 1 CPUs, 0 hotplug CPUs
[    0.000000] PM: Registered nosave memory: [mem 0x00000000-0x00000fff]
[    0.000000] PM: Registered nosave memory: [mem 0x0009f000-0x0009ffff]
[    0.000000] PM: Registered nosave memory: [mem 0x000a0000-0x000effff]
[    0.000000] PM: Registered nosave memory: [mem 0x000f0000-0x000fffff]
[    0.000000] e820: [mem 0x20000000-0xfebfffff] available for PCI devices
[    0.000000] Booting paravirtualized kernel on KVM
[    0.000000] clocksource: refined-jiffies: mask: 0xffffffff max_cycles: 0xffffffff, max_idle_ns: 7645519600211568 ns
[    0.000000] random: get_random_bytes called from start_kernel+0x99/0x500 with crng_init=0
[    0.000000] setup_percpu: NR_CPUS:8192 nr_cpumask_bits:1 nr_cpu_ids:1 nr_node_ids:1
[    0.000000] percpu: Embedded 45 pages/cpu s147456 r8192 d28672 u2097152
[    0.000000] PV qspinlock hash table entries: 256 (order: 0, 4096 bytes)
[    0.000000] Built 1 zonelists, mobility grouping on.  Total pages: 128889
[    0.000000] Policy zone: DMA32
[    0.000000] Kernel command line: BOOT_IMAGE=/boot/vmlinuz-4.15.0-166-generic root=LABEL=cloudimg-rootfs ro console=tty1 console=ttyS0
[    0.000000] Memory: 466784K/523832K available (12300K kernel code, 2483K rwdata, 4320K rodata, 2448K init, 2724K bss, 57048K reserved, 0K cma-reserved)
[    0.000000] SLUB: HWalign=64, Order=0-3, MinObjects=0, CPUs=1, Nodes=1
[    0.000000] Kernel/User page tables isolation: enabled
[    0.000000] ftrace: allocating 39491 entries in 155 pages
[    0.004000] Hierarchical RCU implementation.
[    0.004000] 	RCU restricting CPUs from NR_CPUS=8192 to nr_cpu_ids=1.
[    0.004000] 	Tasks RCU enabled.
[    0.004000] RCU: Adjusting geometry for rcu_fanout_leaf=16, nr_cpu_ids=1
[    0.004000] NR_IRQS: 524544, nr_irqs: 256, preallocated irqs: 16
[    0.004000] Console: colour VGA+ 80x25
[    0.004000] console [tty1] enabled
[    0.004000] console [ttyS0] enabled
[    0.004000] ACPI: Core revision 20170831
[    0.004000] ACPI: 2 ACPI AML tables successfully acquired and loaded
[    0.004000] APIC: Switch to symmetric I/O mode setup
[    0.008000] ..TIMER: vector=0x30 apic1=0 pin1=2 apic2=-1 pin2=-1
[    0.008005] tsc: Detected 2903.996 MHz processor
[    0.012013] Calibrating delay loop (skipped) preset value.. 5807.99 BogoMIPS (lpj=11615984)
[    0.016004] pid_max: default: 32768 minimum: 301
[    0.020043] Security Framework initialized
[    0.024004] Yama: becoming mindful.
[    0.028026] AppArmor: AppArmor initialized
[    0.032121] Dentry cache hash table entries: 65536 (order: 7, 524288 bytes)
[    0.040054] Inode-cache hash table entries: 32768 (order: 6, 262144 bytes)
[    0.044020] Mount-cache hash table entries: 1024 (order: 1, 8192 bytes)
[    0.048007] Mountpoint-cache hash table entries: 1024 (order: 1, 8192 bytes)
[    0.057152] Last level iTLB entries: 4KB 64, 2MB 8, 4MB 8
[    0.060004] Last level dTLB entries: 4KB 64, 2MB 0, 4MB 0, 1GB 4
[    0.064005] Spectre V1 : Mitigation: usercopy/swapgs barriers and __user pointer sanitization
[    0.068004] Spectre V2 : Mitigation: Full generic retpoline
[    0.072003] Spectre V2 : Spectre v2 / SpectreRSB mitigation: Filling RSB on context switch
[    0.076003] Speculative Store Bypass: Vulnerable
[    0.080051] MDS: Mitigation: Clear CPU buffers
[    0.092000] Freeing SMP alternatives memory: 36K
[    0.204857] smpboot: CPU0: Intel(R) Core(TM) i7-7500U CPU @ 2.70GHz (family: 0x6, model: 0x8e, stepping: 0x9)
[    0.208088] Performance Events: unsupported p6 CPU model 142 no PMU driver, software events only.
[    0.212046] Hierarchical SRCU implementation.
[    0.216643] NMI watchdog: Perf event create on CPU 0 failed with -2
[    0.220003] NMI watchdog: Perf NMI watchdog permanently disabled
[    0.224045] smp: Bringing up secondary CPUs ...
[    0.228110] smp: Brought up 1 node, 1 CPU
[    0.232006] smpboot: Max logical packages: 1
[    0.236005] smpboot: Total of 1 processors activated (5807.99 BogoMIPS)
[    0.240149] devtmpfs: initialized
[    0.244076] x86/mm: Memory block size: 128MB
[    0.248142] evm: security.selinux
[    0.252007] evm: security.SMACK64
[    0.256003] evm: security.SMACK64EXEC
[    0.260003] evm: security.SMACK64TRANSMUTE
[    0.264003] evm: security.SMACK64MMAP
[    0.268003] evm: security.apparmor
[    0.272003] evm: security.ima
[    0.276003] evm: security.capability
[    0.280127] clocksource: jiffies: mask: 0xffffffff max_cycles: 0xffffffff, max_idle_ns: 7645041785100000 ns
[    0.284016] futex hash table entries: 256 (order: 2, 16384 bytes)
[    0.288049] pinctrl core: initialized pinctrl subsystem
[    0.292549] RTC time: 18:43:13, date: 01/30/22
[    0.296165] NET: Registered protocol family 16
[    0.300079] audit: initializing netlink subsys (disabled)
[    0.304140] cpuidle: using governor ladder
[    0.308007] audit: type=2000 audit(1643568204.293:1): state=initialized audit_enabled=0 res=1
[    0.312011] cpuidle: using governor menu
[    0.316061] ACPI: bus type PCI registered
[    0.320004] acpiphp: ACPI Hot Plug PCI Controller Driver version: 0.5
[    0.324467] PCI: Using configuration type 1 for base access
[    0.329426] HugeTLB registered 2.00 MiB page size, pre-allocated 0 pages
[    0.332174] ACPI: Added _OSI(Module Device)
[    0.336007] ACPI: Added _OSI(Processor Device)
[    0.340004] ACPI: Added _OSI(3.0 _SCP Extensions)
[    0.344010] ACPI: Added _OSI(Processor Aggregator Device)
[    0.348016] ACPI: Added _OSI(Linux-Dell-Video)
[    0.352022] ACPI: Added _OSI(Linux-Lenovo-NV-HDMI-Audio)
[    0.356005] ACPI: Added _OSI(Linux-HPI-Hybrid-Graphics)
[    0.361185] ACPI: Executed 1 blocks of module-level executable AML code
[    0.373115] ACPI: Interpreter enabled
[    0.376016] ACPI: (supports S0 S5)
[    0.380004] ACPI: Using IOAPIC for interrupt routing
[    0.384666] PCI: Using host bridge windows from ACPI; if necessary, use "pci=nocrs" and report a bug
[    0.388360] ACPI: Enabled 2 GPEs in block 00 to 07
[    0.406355] ACPI: PCI Root Bridge [PCI0] (domain 0000 [bus 00-ff])
[    0.408014] acpi PNP0A03:00: _OSC: OS supports [ASPM ClockPM Segments MSI]
[    0.413112] acpi PNP0A03:00: _OSC: not requesting OS control; OS requires [ExtendedConfig ASPM ClockPM MSI]
[    0.416015] acpi PNP0A03:00: fail to add MMCONFIG information, can't access extended PCI configuration space under this bridge.
[    0.421108] PCI host bridge to bus 0000:00
[    0.424007] pci_bus 0000:00: root bus resource [io  0x0000-0x0cf7 window]
[    0.428005] pci_bus 0000:00: root bus resource [io  0x0d00-0xffff window]
[    0.432005] pci_bus 0000:00: root bus resource [mem 0x000a0000-0x000bffff window]
[    0.436005] pci_bus 0000:00: root bus resource [mem 0x20000000-0xfdffffff window]
[    0.440005] pci_bus 0000:00: root bus resource [bus 00-ff]
[    0.457211] pci 0000:00:01.1: legacy IDE quirk: reg 0x10: [io  0x01f0-0x01f7]
[    0.460005] pci 0000:00:01.1: legacy IDE quirk: reg 0x14: [io  0x03f6]
[    0.464004] pci 0000:00:01.1: legacy IDE quirk: reg 0x18: [io  0x0170-0x0177]
[    0.468004] pci 0000:00:01.1: legacy IDE quirk: reg 0x1c: [io  0x0376]
[    0.557138] pci 0000:00:07.0: quirk: [io  0x4000-0x403f] claimed by PIIX4 ACPI
[    0.560055] pci 0000:00:07.0: quirk: [io  0x4100-0x410f] claimed by PIIX4 SMB
[    0.593211] ACPI: PCI Interrupt Link [LNKA] (IRQs 5 9 10 *11)
[    0.600524] ACPI: PCI Interrupt Link [LNKB] (IRQs 5 9 *10 11)
[    0.604299] ACPI: PCI Interrupt Link [LNKC] (IRQs 5 *9 10 11)
[    0.608299] ACPI: PCI Interrupt Link [LNKD] (IRQs 5 9 10 *11)
[    0.616123] SCSI subsystem initialized
[    0.620133] pci 0000:00:02.0: vgaarb: setting as boot VGA device
[    0.624000] pci 0000:00:02.0: vgaarb: VGA device added: decodes=io+mem,owns=io+mem,locks=none
[    0.624007] pci 0000:00:02.0: vgaarb: bridge control possible
[    0.628003] vgaarb: loaded
[    0.632039] ACPI: bus type USB registered
[    0.636028] usbcore: registered new interface driver usbfs
[    0.640025] usbcore: registered new interface driver hub
[    0.644014] usbcore: registered new device driver usb
[    0.648075] EDAC MC: Ver: 3.0.0
[    0.657068] PCI: Using ACPI for IRQ routing
[    0.665103] NetLabel: Initializing
[    0.668004] NetLabel:  domain hash size = 128
[    0.672002] NetLabel:  protocols = UNLABELED CIPSOv4 CALIPSO
[    0.676025] NetLabel:  unlabeled traffic allowed by default
[    0.680162] clocksource: Switched to clocksource kvm-clock
[    0.761174] VFS: Disk quotas dquot_6.6.0
[    0.766797] VFS: Dquot-cache hash table entries: 512 (order 0, 4096 bytes)
[    0.775889] AppArmor: AppArmor Filesystem Enabled
[    0.782460] pnp: PnP ACPI init
[    0.789307] pnp: PnP ACPI: found 3 devices
[    0.804247] clocksource: acpi_pm: mask: 0xffffff max_cycles: 0xffffff, max_idle_ns: 2085701024 ns
[    0.819233] NET: Registered protocol family 2
[    0.827304] IP idents hash table entries: 8192 (order: 4, 65536 bytes)
[    0.839212] TCP established hash table entries: 4096 (order: 3, 32768 bytes)
[    0.851187] TCP bind hash table entries: 4096 (order: 4, 65536 bytes)
[    0.861032] TCP: Hash tables configured (established 4096 bind 4096)
[    0.869768] UDP hash table entries: 256 (order: 1, 8192 bytes)
[    0.877450] UDP-Lite hash table entries: 256 (order: 1, 8192 bytes)
[    0.885674] NET: Registered protocol family 1
[    0.891560] pci 0000:00:00.0: Limiting direct PCI/PCI transfers
[    0.899333] pci 0000:00:01.0: Activating ISA DMA hang workarounds
[    0.907578] pci 0000:00:02.0: Video device with shadowed ROM at [mem 0x000c0000-0x000dffff]
[    0.918555] Unpacking initramfs...
[    1.712439] Freeing initrd memory: 19536K
[    1.718780] clocksource: tsc: mask: 0xffffffffffffffff max_cycles: 0x29dc020bb13, max_idle_ns: 440795273180 ns
[    1.731952] platform rtc_cmos: registered platform RTC device (no PNP device found)
[    1.742399] Scanning for low memory corruption every 60 seconds
[    1.751038] Initialise system trusted keyrings
[    1.757110] Key type blacklist registered
[    1.762914] workingset: timestamp_bits=36 max_order=17 bucket_order=0
[    1.778921] zbud: loaded
[    1.784720] squashfs: version 4.0 (2009/01/31) Phillip Lougher
[    1.793271] fuse init (API version 7.26)
[    1.802024] Key type asymmetric registered
[    1.813936] Asymmetric key parser 'x509' registered
[    1.822663] Block layer SCSI generic (bsg) driver version 0.4 loaded (major 246)
[    1.833058] io scheduler noop registered
[    1.838524] io scheduler deadline registered
[    1.844260] io scheduler cfq registered (default)
[    1.851116] ACPI: AC Adapter [AC] (on-line)
[    1.856888] input: Power Button as /devices/LNXSYSTM:00/LNXPWRBN:00/input/input0
[    1.869998] ACPI: Power Button [PWRF]
[    1.875924] input: Sleep Button as /devices/LNXSYSTM:00/LNXSLPBN:00/input/input1
[    1.886870] ACPI: Sleep Button [SLPF]
[    1.894553] ACPI: Battery Slot [BAT0] (battery present)
[    1.901563] Serial: 8250/16550 driver, 32 ports, IRQ sharing enabled
[    1.946486] 00:02: ttyS0 at I/O 0x3f8 (irq = 4, base_baud = 115200) is a 16550A
[    1.960969] Linux agpgart interface v0.103
[    1.972954] loop: module loaded
[    1.981026] scsi host0: ata_piix
[    1.985715] scsi host1: ata_piix
[    1.990071] ata1: PATA max UDMA/33 cmd 0x1f0 ctl 0x3f6 bmdma 0xd000 irq 14
[    1.998545] ata2: PATA max UDMA/33 cmd 0x170 ctl 0x376 bmdma 0xd008 irq 15
[    2.009849] libphy: Fixed MDIO Bus: probed
[    2.015808] tun: Universal TUN/TAP device driver, 1.6
[    2.022999] PPP generic driver version 2.4.2
[    2.029840] ehci_hcd: USB 2.0 'Enhanced' Host Controller (EHCI) Driver
[    2.039214] ehci-pci: EHCI PCI platform driver
[    2.045982] ehci-platform: EHCI generic platform driver
[    2.052999] ohci_hcd: USB 1.1 'Open' Host Controller (OHCI) Driver
[    2.061553] ohci-pci: OHCI PCI platform driver
[    2.068700] ohci-platform: OHCI generic platform driver
[    2.075487] uhci_hcd: USB Universal Host Controller Interface driver
[    2.084263] i8042: PNP: PS/2 Controller [PNP0303:PS2K,PNP0f03:PS2M] at 0x60,0x64 irq 1,12
[    2.100596] serio: i8042 KBD port at 0x60,0x64 irq 1
[    2.108471] serio: i8042 AUX port at 0x60,0x64 irq 12
[    2.116038] mousedev: PS/2 mouse device common for all mice
[    2.125511] input: AT Translated Set 2 keyboard as /devices/platform/i8042/serio0/input/input2
[    2.138158] rtc_cmos rtc_cmos: rtc core: registered rtc_cmos as rtc0
[    2.147290] rtc_cmos rtc_cmos: alarms up to one day, 114 bytes nvram
[    2.156492] i2c /dev entries driver
[    2.161541] device-mapper: uevent: version 1.0.3
[    2.237150] device-mapper: ioctl: 4.37.0-ioctl (2017-09-20) initialised: dm-devel@redhat.com
[    2.248090] ledtrig-cpu: registered to indicate activity on CPUs
[    2.256504] NET: Registered protocol family 10
[    2.267810] Segment Routing with IPv6
[    2.273172] NET: Registered protocol family 17
[    2.279504] Key type dns_resolver registered
[    2.285626] mce: Using 0 MCE banks
[    2.290160] RAS: Correctable Errors collector initialized.
[    2.297478] sched_clock: Marking stable (2297404737, 0)->(3666570048, -1369165311)
[    2.307279] registered taskstats version 1
[    2.312944] Loading compiled-in X.509 certificates
[    2.322438] Loaded X.509 cert 'Build time autogenerated kernel key: 408b96eb428cbe545a63e9a677d083d5c6df802b'
[    2.335681] Loaded X.509 cert 'Canonical Ltd. Live Patch Signing: 14df34d1a87cf37625abec039ef2bf521249b969'
[    2.349577] Loaded X.509 cert 'Canonical Ltd. Kernel Module Signing: 88f752e560a1e0737e31163a466ad7b70a850c19'
[    2.366565] blacklist: Loading compiled-in revocation X.509 certificates
[    2.378241] Loaded X.509 cert 'Canonical Ltd. Secure Boot Signing: 61482aa2830d0ab2ad5af10b7250da9033ddcef0'
[    2.395283] zswap: loaded using pool lzo/zbud
[    2.409650] Key type big_key registered
[    2.416425] Key type trusted registered
[    2.425063] Key type encrypted registered
[    2.431707] AppArmor: AppArmor sha1 policy hashing enabled
[    2.440115] ima: No TPM chip found, activating TPM-bypass! (rc=-19)
[    2.449401] ima: Allocated hash algorithm: sha1
[    2.457045] evm: HMAC attrs: 0x1
[    2.463795]   Magic number: 6:817:747
[    2.470335] rtc_cmos rtc_cmos: setting system clock to 2022-01-30 18:43:16 UTC (1643568196)
[    2.481941] BIOS EDD facility v0.16 2004-Jun-25, 0 devices found
[    2.489630] EDD information not available.
[    2.499375] Freeing unused kernel image memory: 2448K
[    2.512524] Write protecting the kernel read-only data: 20480k
[    2.520063] Freeing unused kernel image memory: 2008K
[    2.526669] Freeing unused kernel image memory: 1824K
[    2.541336] x86/mm: Checked W+X mappings: passed, no W+X pages found.
[    2.549410] x86/mm: Checking user space page tables
[    2.563236] x86/mm: Checked W+X mappings: passed, no W+X pages found.
Loading, please wait...
starting version 237
[    2.742356] e1000: Intel(R) PRO/1000 Network Driver - version 7.3.21-k8-NAPI
[    2.751569] e1000: Copyright (c) 1999-2006 Intel Corporation.
[    2.764653] Fusion MPT base driver 3.04.20
[    2.770812] Copyright (c) 1999-2008 LSI Corporation
[    2.863594] Fusion MPT SPI Host driver 3.04.20
[    3.063514] input: ImExPS/2 Generic Explorer Mouse as /devices/platform/i8042/serio1/input/input4
[    3.777567] e1000 0000:00:03.0 eth0: (PCI:33MHz:32-bit) 02:8d:1f:db:13:bf
[    3.787692] e1000 0000:00:03.0 eth0: Intel(R) PRO/1000 Network Connection
[    3.798121] mptbase: ioc0: Initiating bringup
[    3.907640] ioc0: LSI53C1030 A0: Capabilities={Initiator}
[    4.196841] scsi host2: ioc0: LSI53C1030 A0, FwRev=00000000h, Ports=1, MaxQ=256, IRQ=20
[    4.392939] scsi 2:0:0:0: Direct-Access     VBOX     HARDDISK         1.0  PQ: 0 ANSI: 5
[    4.431505] scsi target2:0:0: Beginning Domain Validation
[    4.442885] random: fast init done
[    4.458144] scsi target2:0:0: Domain Validation skipping write tests
[    4.467649] scsi target2:0:0: Ending Domain Validation
[    4.495503] scsi target2:0:0: asynchronous
[    4.513864] scsi 2:0:1:0: Direct-Access     VBOX     HARDDISK         1.0  PQ: 0 ANSI: 5
[    4.534100] scsi target2:0:1: Beginning Domain Validation
[    4.558333] scsi target2:0:1: Domain Validation skipping write tests
[    4.566169] scsi target2:0:1: Ending Domain Validation
[    4.594312] scsi target2:0:1: asynchronous
[    4.736432] sd 2:0:0:0: [sda] 83886080 512-byte logical blocks: (42.9 GB/40.0 GiB)
[    4.744311] sd 2:0:0:0: Attached scsi generic sg0 type 0
[    4.750139] random: systemd-udevd: uninitialized urandom read (16 bytes read)
[    4.760831] sd 2:0:1:0: [sdb] 20480 512-byte logical blocks: (10.5 MB/10.0 MiB)
[    4.769666] sd 2:0:1:0: Attached scsi generic sg1 type 0
[    4.785081] sd 2:0:0:0: [sda] Write Protect is off
[    4.791687] sd 2:0:1:0: [sdb] Write Protect is off
[    4.796777] sd 2:0:0:0: [sda] Incomplete mode parameter data
[    4.802594] sd 2:0:0:0: [sda] Assuming drive cache: write through
[    4.809521] random: systemd-udevd: uninitialized urandom read (16 bytes read)
[    4.816735] sd 2:0:1:0: [sdb] Incomplete mode parameter data
[    4.822446] sd 2:0:1:0: [sdb] Assuming drive cache: write through
[    4.841377] random: systemd-udevd: uninitialized urandom read (16 bytes read)
[    4.866880]  sda: sda1
[    4.872267] sd 2:0:0:0: [sda] Attached SCSI disk
[    5.257551] sd 2:0:1:0: [sdb] Attached SCSI disk
[    5.327487] e1000 0000:00:08.0 eth1: (PCI:33MHz:32-bit) 08:00:27:62:06:bb
[    5.334212] e1000 0000:00:08.0 eth1: Intel(R) PRO/1000 Network Connection
[    5.344361] e1000 0000:00:08.0 enp0s8: renamed from eth1
[    5.362995] e1000 0000:00:03.0 enp0s3: renamed from eth0
Begin: Loading essential drivers ... [    9.396145] raid6: sse2x1   gen()  6715 MB/s
[    9.448367] raid6: sse2x1   xor()  5953 MB/s
[    9.512321] raid6: sse2x2   gen() 12170 MB/s
[    9.568099] raid6: sse2x2   xor()  7046 MB/s
[    9.620272] raid6: sse2x4   gen() 11374 MB/s
[    9.674291] raid6: sse2x4   xor()  7131 MB/s
[    9.680238] raid6: using algorithm sse2x2 gen() 12170 MB/s
[    9.687228] raid6: .... xor() 7046 MB/s, rmw enabled
[    9.693848] raid6: using ssse3x2 recovery algorithm
[    9.702207] xor: measuring software checksum speed
[    9.813775]    prefetch64-sse: 37704.000 MB/sec
[    9.920444]    generic_sse: 35311.000 MB/sec
[    9.926754] xor: using function: prefetch64-sse (37704.000 MB/sec)
[    9.937422] async_tx: api initialized (async)
done.
Begin: Running /scripts/init-premount ... done.
Begin: Mounting root file system ... Begin: Running /scripts/local-top ... done.
Begin: Running /scripts/local-premount ... [   10.036005] Btrfs loaded, crc32c=crc32c-intel
Scanning for Btrfs filesystems
[   10.875908] random: crng init done
[   10.884426] random: 7 urandom warning(s) missed due to ratelimiting
done.
Warning: fsck not present, so skipping root file system
[   11.528751] EXT4-fs (sda1): mounted filesystem with ordered data mode. Opts: (null)
done.
Begin: Running /scripts/local-bottom ... done.
Begin: Running /scripts/init-bottom ... done.
[   14.439757] ip_tables: (C) 2000-2006 Netfilter Core Team
[   14.605232] systemd[1]: systemd 237 running in system mode. (+PAM +AUDIT +SELINUX +IMA +APPARMOR +SMACK +SYSVINIT +UTMP +LIBCRYPTSETUP +GCRYPT +GNUTLS +ACL +XZ +LZ4 +SECCOMP +BLKID +ELFUTILS +KMOD -IDN2 +IDN -PCRE2 default-hierarchy=hybrid)
[   14.654771] systemd[1]: Detected virtualization oracle.
[   14.663629] systemd[1]: Detected architecture x86-64.

Welcome to [1mUbuntu 18.04.6 LTS[0m!

[   14.810743] systemd[1]: Set hostname to <ubuntu>.
[   14.955163] systemd[1]: Initializing machine ID from random generator.
[   14.985501] systemd[1]: Installed transient /etc/machine-id file.
[   17.800602] systemd[1]: Reached target System Time Synchronized.
[[0;32m  OK  [0m] Reached target System Time Synchronized.
[   17.811612] systemd[1]: Set up automount Arbitrary Executable File Formats File System Automount Point.
[[0;32m  OK  [0m] Set up automount Arbitrary Executabâ€¦rmats File System Automount Point.
[   17.826230] systemd[1]: Started Forward Password Requests to Wall Directory Watch.
[[0;32m  OK  [0m] Started Forward Password Requests to Wall Directory Watch.
[   17.839213] systemd[1]: Created slice User and Session Slice.
[[0;32m  OK  [0m] Created slice User and Session Slice.
[[0;32m  OK  [0m] Created slice System Slice.
[[0;32m  OK  [0m] Created slice system-serial\x2dgetty.slice.
[[0;32m  OK  [0m] Listening on Network Service Netlink Socket.
[[0;32m  OK  [0m] Listening on Syslog Socket.
[[0;32m  OK  [0m] Reached target Slices.
[[0;32m  OK  [0m] Listening on udev Kernel Socket.
[[0;32m  OK  [0m] Listening on LVM2 poll daemon socket.
[[0;32m  OK  [0m] Listening on fsck to fsckd communication Socket.
[[0;32m  OK  [0m] Listening on Journal Audit Socket.
[[0;32m  OK  [0m] Listening on Journal Socket (/dev/log).
[[0;32m  OK  [0m] Listening on udev Control Socket.
[[0;32m  OK  [0m] Reached target User and Group Name Lookups.
[[0;32m  OK  [0m] Listening on Device-mapper event daemon FIFOs.
[[0;32m  OK  [0m] Reached target Swap.
[[0;32m  OK  [0m] Listening on Journal Socket.
         Mounting POSIX Message Queue File System...
         Starting udev Coldplug all Devices...
         Starting Uncomplicated firewall...
         Starting Journal Service...
         Starting Set the console keyboard layout...
         Starting File System Check on Root Device...
         Mounting Huge Pages File System...
         Starting Create list of required stâ€¦ce nodes for the current kernel...
         Starting Load Kernel Modules...
         Mounting Kernel Debug File System...
[[0;32m  OK  [0m] Listening on LVM2 metadata daemon socket.
         Starting Monitoring of LVM2 mirrorsâ€¦ng dmeventd or progress polling...
[[0;32m  OK  [0m] Listening on /dev/initctl Compatibility Named Pipe.
[[0;32m  OK  [0m] Started Journal Service.
[[0;32m  OK  [0m] Mounted POSIX Message Queue File System.
[[0;32m  OK  [0m] Started Uncomplicated firewall.
[[0;32m  OK  [0m] Mounted Huge Pages File System.
[[0;32m  OK  [0m] Started Create list of required staâ€¦vice nodes for the current kernel.
[[0;32m  OK  [0m] Mounted Kernel Debug File System.
[[0;32m  OK  [0m] Started File System Check Daemon to report status.
         Starting Create Static Device Nodes in /dev...
[[0;32m  OK  [0m] Started udev Coldplug all Devices.
[[0;32m  OK  [0m] Started File System Check on Root Device.
         Starting Remount Root and Kernel File Systems...
[   19.096968] Loading iSCSI transport class v2.0-870.
[   19.195048] EXT4-fs (sda1): re-mounted. Opts: (null)
[[0;32m  OK  [0m] Started Remount Root and Kernel File Systems.
         Starting Load/Save Random Seed...
[   19.315092] iscsi: registered transport (tcp)
         Starting Flush Journal to Persistent Storage...
[[0;32m  OK  [0m] Started Load/Save Random Seed.
[[0;32m  OK  [0m] Started LVM2 metadata daemon.
[   19.597036] systemd-journald[379]: Received request to flush runtime journal from PID 1
[   19.679434] iscsi: registered transport (iser)
[[0;32m  OK  [0m] Started Load Kernel Modules.
         Starting Apply Kernel Variables...
         Mounting FUSE Control File System...
         Mounting Kernel Configuration File System...
[[0;32m  OK  [0m] Started Create Static Device Nodes in /dev.
[[0;32m  OK  [0m] Mounted FUSE Control File System.
[[0;32m  OK  [0m] Mounted Kernel Configuration File System.
         Starting udev Kernel Device Manager...
[[0;32m  OK  [0m] Started Monitoring of LVM2 mirrors,â€¦sing dmeventd or progress polling.
[[0;32m  OK  [0m] Started Flush Journal to Persistent Storage.
[[0;32m  OK  [0m] Started Apply Kernel Variables.
[[0;32m  OK  [0m] Started udev Kernel Device Manager.
[[0;32m  OK  [0m] Found device /dev/ttyS0.
[[0;32m  OK  [0m] Listening on Load/Save RF Kill Switch Status /dev/rfkill Watch.
[[0;32m  OK  [0m] Started Set the console keyboard layout.
[[0;32m  OK  [0m] Started Dispatch Password Requests to Console Directory Watch.
[[0;32m  OK  [0m] Reached target Local Encrypted Volumes.
[[0;32m  OK  [0m] Reached target Local File Systems (Pre).
[[0;32m  OK  [0m] Reached target Local File Systems.
         Starting Tell Plymouth To Write Out Runtime Data...
         Starting Create Volatile Files and Directories...
         Starting Commit a transient machine-id on disk...
         Starting ebtables ruleset management...
         Starting Set console font and keymap...
         Starting AppArmor initialization...
[[0;32m  OK  [0m] Started Tell Plymouth To Write Out Runtime Data.
[[0;32m  OK  [0m] Started Commit a transient machine-id on disk.
[[0;32m  OK  [0m] Started Create Volatile Files and Directories.
         Starting Update UTMP about System Boot/Shutdown...
[[0;32m  OK  [0m] Started Update UTMP about System Boot/Shutdown.
[[0;32m  OK  [0m] Started ebtables ruleset management.
[[0;32m  OK  [0m] Started Set console font and keymap.
[[0;32m  OK  [0m] Started AppArmor initialization.
         Starting Load AppArmor profiles managed internally by snapd...
         Starting Initial cloud-init job (pre-networking)...
[[0;32m  OK  [0m] Started Load AppArmor profiles managed internally by snapd.
[   42.158578] cloud-init[771]: Cloud-init v. 21.4-0ubuntu1~18.04.1 running 'init-local' at Sun, 30 Jan 2022 18:43:55 +0000. Up 41.01 seconds.
[[0;32m  OK  [0m] Started Initial cloud-init job (pre-networking).
[[0;32m  OK  [0m] Reached target Network (Pre).
         Starting Network Service...
[[0;32m  OK  [0m] Started Network Service.
         Starting Wait for Network to be Configured...
         Starting Network Name Resolution...
[[0;32m  OK  [0m] Started Network Name Resolution.
[[0;32m  OK  [0m] Reached target Host and Network Name Lookups.
[[0;32m  OK  [0m] Reached target Network.
[[0;32m  OK  [0m] Started Wait for Network to be Configured.
         Starting Initial cloud-init job (metadata service crawler)...
[   45.341682] cloud-init[902]: Cloud-init v. 21.4-0ubuntu1~18.04.1 running 'init' at Sun, 30 Jan 2022 18:43:59 +0000. Up 45.17 seconds.
[   45.354479] cloud-init[902]: ci-info: ++++++++++++++++++++++++++++++++++++++Net device info+++++++++++++++++++++++++++++++++++++++
[   45.361490] cloud-init[902]: ci-info: +--------+-------+----------------------------+---------------+--------+-------------------+
[   45.367815] cloud-init[902]: ci-info: | Device |   Up  |          Address           |      Mask     | Scope  |     Hw-Address    |
[   45.374452] cloud-init[902]: ci-info: +--------+-------+----------------------------+---------------+--------+-------------------+
[   45.382098] cloud-init[902]: ci-info: | enp0s3 |  True |         10.0.2.15          | 255.255.255.0 | global | 02:8d:1f:db:13:bf |
[   45.390644] cloud-init[902]: ci-info: | enp0s3 |  True | fe80::8d:1fff:fedb:13bf/64 |       .       |  link  | 02:8d:1f:db:13:bf |
[   45.397084] cloud-init[902]: ci-info: | enp0s8 | False |             .              |       .       |   .    | 08:00:27:62:06:bb |
[   45.403625] cloud-init[902]: ci-info: |   lo   |  True |         127.0.0.1          |   255.0.0.0   |  host  |         .         |
[   45.411359] cloud-init[902]: ci-info: |   lo   |  True |          ::1/128           |       .       |  host  |         .         |
[   45.418046] cloud-init[902]: ci-info: +--------+-------+----------------------------+---------------+--------+-------------------+
[   45.424530] cloud-init[902]: ci-info: ++++++++++++++++++++++++++++Route IPv4 info+++++++++++++++++++++++++++++
[   45.430354] cloud-init[902]: ci-info: +-------+-------------+----------+-----------------+-----------+-------+
[   45.436346] cloud-init[902]: ci-info: | Route | Destination | Gateway  |     Genmask     | Interface | Flags |
[   45.444057] cloud-init[902]: ci-info: +-------+-------------+----------+-----------------+-----------+-------+
[   45.450281] cloud-init[902]: ci-info: |   0   |   0.0.0.0   | 10.0.2.2 |     0.0.0.0     |   enp0s3  |   UG  |
[   45.456618] cloud-init[902]: ci-info: |   1   |   10.0.2.0  | 0.0.0.0  |  255.255.255.0  |   enp0s3  |   U   |
[   45.462452] cloud-init[902]: ci-info: |   2   |   10.0.2.2  | 0.0.0.0  | 255.255.255.255 |   enp0s3  |   UH  |
[   45.468352] cloud-init[902]: ci-info: +-------+-------------+----------+-----------------+-----------+-------+
[   45.474202] cloud-init[902]: ci-info: +++++++++++++++++++Route IPv6 info+++++++++++++++++++
[   45.483419] cloud-init[902]: ci-info: +-------+-------------+---------+-----------+-------+
[   45.489565] cloud-init[902]: ci-info: | Route | Destination | Gateway | Interface | Flags |
[   45.494853] cloud-init[902]: ci-info: +-------+-------------+---------+-----------+-------+
[   45.500324] cloud-init[902]: ci-info: |   1   |  fe80::/64  |    ::   |   enp0s3  |   U   |
[   45.508777] cloud-init[902]: ci-info: |   3   |    local    |    ::   |   enp0s3  |   U   |
[   45.516472] cloud-init[902]: ci-info: |   4   |   ff00::/8  |    ::   |   enp0s3  |   U   |
[   45.521849] cloud-init[902]: ci-info: +-------+-------------+---------+-----------+-------+
[   54.600442] cloud-init[902]: Generating public/private rsa key pair.
[   54.614948] cloud-init[902]: Your identification has been saved in /etc/ssh/ssh_host_rsa_key.
[   54.624873] cloud-init[902]: Your public key has been saved in /etc/ssh/ssh_host_rsa_key.pub.
[   54.639188] cloud-init[902]: The key fingerprint is:
[   54.657071] cloud-init[902]: SHA256:mkiuXg376jCW0lAJVN9oeEyCGESijFgItOOP9PfEQAU root@ubuntu-bionic
[   54.665191] cloud-init[902]: The key's randomart image is:
[   54.678533] cloud-init[902]: +---[RSA 2048]----+
[   54.682933] cloud-init[902]: |%B+o E..         |
[   54.695247] cloud-init[902]: |O+..* +          |
[[0;32m  OK  [0m] Started Initial cloud-init job (metadata service crawler).[   54.704570] cloud-init[902]: |++o. B .         |
[[0;32m  OK  [0m] Reached target Cloud-config availability.
[   54.713882] cloud-init[902]: 
[[0;32m  OK  [0m] Reached target Network is Online.
|... +            |
[   54.730967] cloud-init[902]: |.o  o.  S        |
[   54.740291] cloud-init[902]: |.o++ =oo         |
[   54.745465] cloud-init[902]: |..*o=.+o         |
[   54.749755] cloud-init[902]: | o =..o          |
[   54.754024] cloud-init[902]: | .o.o...         |
[   54.758244] cloud-init[902]: +----[SHA256]-----+
[   54.762504] cloud-init[902]: Generating public/private dsa key pair.
[   54.767230] cloud-init[902]: Your identification has been saved in /etc/ssh/ssh_host_dsa_key.
[   54.772705] cloud-init[902]: Your public key has been saved in /etc/ssh/ssh_host_dsa_key.pub.
[   54.778013] cloud-init[902]: The key fingerprint is:
[   54.782332] cloud-init[902]: SHA256:8xLt2QjRf/ji8L/AhOxbDqK1zfyloB0MR/QhA0NM+7o root@ubuntu-bionic
[   54.787962] cloud-init[902]: The key's randomart image is:
[   54.792860] cloud-init[902]: +---[DSA 1024]----+
[   54.797262] cloud-init[902]: |       +=.+ .    |
[   54.802247] cloud-init[902]: |        .= + .   |
[   54.807191] cloud-init[902]: |        o o .    |
[   54.811485] cloud-init[902]: |         * o .   |
[   54.815830] cloud-init[902]: |        S * + .  |
[   54.820296] cloud-init[902]: |         % * o   |
[   54.824579] cloud-init[902]: |        = % * o  |
[   54.828909] cloud-init[902]: |       o @ @ =   |
[   54.833212] cloud-init[902]: |      . E *.*.o. |
[   54.837359] cloud-init[902]: +----[SHA256]-----+
[   54.841872] cloud-init[902]: Generating public/private ecdsa key pair.
[   54.846710] cloud-init[902]: Your identification has been saved in /etc/ssh/ssh_host_ecdsa_key.
[   54.852070] cloud-init[902]: Your public key has been saved in /etc/ssh/ssh_host_ecdsa_key.pub.
[   54.857750] cloud-init[902]: The key fingerprint is:
[   54.862810] cloud-init[902]: SHA256:haoym0uCsYXjQbdTz8jCFxITwKngDIGsrLp2uy1tSRQ root@ubuntu-bionic
[   54.870342] cloud-init[902]: The key's randomart image is:
[   54.876025] cloud-init[902]: +---[ECDSA 256]---+
[   54.881726] cloud-init[902]: |=oo+.            |
[   54.887769] cloud-init[902]: |++  oE   .       |
[   54.893330] cloud-init[902]: |O. o o. . .      |
[   54.898664] cloud-init[902]: |+=o =.=. .       |
         Starting Availability of block devices...
[[0;32m  OK  [0m[   54.918318] cloud-init] Reached target Remote File Systems (Pre).
[[902]: |=..=.+.oS        |[0;32m  OK  [0m] Reached target Remote File Systems.

[[0;32m  OK  [0m] Reached target System Initialization.[   54.942628] cloud-init
[[0;32m  OK  [0m[902]: ] Started Message of the Day.
[|+=. +o           |
[   54.962704] cloud-init[0;32m  OK  [0m] Started Discard unused blocks once a week.[902]: |=.+ + .          |

[   54.974401] cloud-init[902]: |.+ B.+           |
[   54.980652] cloud-init[902]: |o.=+=.           |
[   54.986833] cloud-init[902]: +----[SHA256]-----+
[   54.994310] cloud-init[902]: Generating public/private ed25519 key pair.
[   55.002886] cloud-init[902]: Your identification has been saved in /etc/ssh/ssh_host_ed25519_key.
[   55.012923] cloud-init[902]: Your public key has been saved in /etc/ssh/ssh_host_ed25519_key.pub.
[   55.023329] cloud-init[902]: The key fingerprint is:
[   55.029850] cloud-init[902]: SHA256:eRkv9rkNJSU1hPGKhT+Wx8XcSee6fgsHknWIGIHDS/E root@ubuntu-bionic[[0;32m  OK  [0m] 
Started ACPI Events Check.[   55.048535] cloud-init[902]: The key's randomart image is:

[   55.055711] cloud-init[902]: +--[ED25519 256]--+
[   55.061592] cloud-init[902]: |      ..oo. .++..|
[   55.067910] cloud-init[902]: |       =. o.ooo=+|
[   55.074335] cloud-init[902]: |      . oEo.oooo*|
[   55.081038] cloud-init[902]: |       . . Bo*.o |
[   55.087208] cloud-init[902]: |        S *oO.=  |
[   55.093461] cloud-init[902]: |         o +.*.. |
[   55.099314] cloud-init[902]: |            +... |
[   55.105894] cloud-init[902]: |             =o .|
[   55.112633] cloud-init[902]: |            . oo.|
[   55.119979]          Starting LXD - unix socket.cloud-init[902]: +----[SHA256]-----+
[[0;32m  OK  [0m] Listening on Open-iSCSI iscsid Socket.
[[0;32m  OK  [0m
] Started Ubuntu Advantage Timer for running repeated jobs.
[[0;32m  OK  [0m] Listening on cloud-init hotplug hook socket.
[[0;32m  OK  [0m] Started Trigger to poll for Ubuntu â€¦(Only enabled on GCP LTS non-pro).
[[0;32m  OK  [0m] Reached target Paths.
[[0;32m  OK  [0m] Started Daily Cleanup of Temporary Directories.
         Starting Socket activation for snappy daemon.
[[0;32m  OK  [0m] Listening on UUID daemon activation socket.
[[0;32m  OK  [0m] Started Daily apt download activities.
[[0;32m  OK  [0m] Started Daily apt upgrade and clean activities.
[[0;32m  OK  [0m] Reached target Timers.
[[0;32m  OK  [0m] Listening on D-Bus System Message Bus Socket.
[[0;32m  OK  [0m] Listening on ACPID Listen Socket.
[[0;32m  OK  [0m] Started Availability of block devices.
[[0;32m  OK  [0m] Listening on LXD - unix socket.
[[0;32m  OK  [0m] Listening on Socket activation for snappy daemon.
[[0;32m  OK  [0m] Reached target Sockets.
[[0;32m  OK  [0m] Reached target Basic System.
         Starting LXD - container startup/shutdown...
         Starting Dispatcher daemon for systemd-networkd...
         Starting Accounts Service...
[[0;32m  OK  [0m] Started D-Bus System Message Bus.
         Starting System Logging Service...
         Starting Login Service...
         Starting Snap Daemon...
[[0;32m  OK  [0m] Started Regular background program processing daemon.
[[0;32m  OK  [0m] Started Deferred execution scheduler.
         Starting LSB: automatic crash report generation...
[[0;32m  OK  [0m] Started irqbalance daemon.
[[0;32m  OK  [0m] Started FUSE filesystem for LXC.
         Starting LSB: Record successful boot for GRUB...
         Starting Pollinate to seed the pseudo random number generator...
         Starting Virtualbox guest utils...
         Starting Permit User Sessions...
[[0;32m  OK  [0m] Started Dispatcher daemon for systemd-networkd.
[[0;32m  OK  [0m] Started Permit User Sessions.
[[0;32m  OK  [0m] Started Login Service.
[[0;32m  OK  [0m] Started Unattended Upgrades Shutdown.
         Starting Terminate Plymouth Boot Screen...
         Starting Hold until boot process finishes up...
         Starting Authorization Manager...
[[0;32m  OK  [0m] Started Terminate Plymouth Boot Screen.
[[0;32m  OK  [0m] Started Hold until boot process finishes up.
         Starting Set console scheme...
[[0;32m  OK  [0m] Started Serial Getty on ttyS0.
[[0;32m  OK  [0m] Started LSB: automatic crash report generation.
[[0;32m  OK  [0m] Started Set console scheme.
[[0;32m  OK  [0m] Created slice system-getty.slice.
[[0;32m  OK  [0m] Started Getty on tty1.
[[0;32m  OK  [0m] Reached target Login Prompts.
[[0;32m  OK  [0m] Started System Logging Service.
[[0;32m  OK  [0m] Started LSB: Record successful boot for GRUB.
[[0;32m  OK  [0m] Started Authorization Manager.
[[0;32m  OK  [0m] Started Accounts Service.
[[0;32m  OK  [0m] Started Virtualbox guest utils.

Ubuntu 18.04.6 LTS ubuntu-bionic ttyS0

ubuntu-bionic login: [   86.887465] cloud-init[1674]: Cloud-init v. 21.4-0ubuntu1~18.04.1 running 'modules:config' at Sun, 30 Jan 2022 18:44:35 +0000. Up 81.36 seconds.
ci-info: no authorized SSH keys fingerprints found for user ubuntu.
<14>Jan 30 18:44:42 cloud-init: #############################################################
<14>Jan 30 18:44:42 cloud-init: -----BEGIN SSH HOST KEY FINGERPRINTS-----
<14>Jan 30 18:44:42 cloud-init: 1024 SHA256:8xLt2QjRf/ji8L/AhOxbDqK1zfyloB0MR/QhA0NM+7o root@ubuntu-bionic (DSA)
<14>Jan 30 18:44:42 cloud-init: 256 SHA256:haoym0uCsYXjQbdTz8jCFxITwKngDIGsrLp2uy1tSRQ root@ubuntu-bionic (ECDSA)
<14>Jan 30 18:44:42 cloud-init: 256 SHA256:eRkv9rkNJSU1hPGKhT+Wx8XcSee6fgsHknWIGIHDS/E root@ubuntu-bionic (ED25519)
<14>Jan 30 18:44:42 cloud-init: 2048 SHA256:mkiuXg376jCW0lAJVN9oeEyCGESijFgItOOP9PfEQAU root@ubuntu-bionic (RSA)
<14>Jan 30 18:44:42 cloud-init: -----END SSH HOST KEY FINGERPRINTS-----
<14>Jan 30 18:44:42 cloud-init: #############################################################
-----BEGIN SSH HOST KEY KEYS-----
ecdsa-sha2-nistp256 AAAAE2VjZHNhLXNoYTItbmlzdHAyNTYAAAAIbmlzdHAyNTYAAABBBDw7/6u97J66+SK90/3L9oTruaL7xPGmRDSNosuYqQJprZtDl99m9oC7TnD/iJb5i7M/8lTkkKnxBwb8dzZzbJU= root@ubuntu-bionic
ssh-ed25519 AAAAC3NzaC1lZDI1NTE5AAAAIJIyZOqa88dmocQihY8wJbW+5VsWzvjs96aAZFNq3XAS root@ubuntu-bionic
ssh-rsa AAAAB3NzaC1yc2EAAAADAQABAAABAQC7+IOKcnFNY/ipfjmCg0JPNT4Fv+70TjrEfdrVzw+Qoe5JIvUBS3HyCOUeKVCBW78Z6utU/wzja3D8k2+n0gunObiF8xie8KY5c58G3EZ960Pg2nkScOq0ky4EMc1o7BH6J3l5bps08Q22aqG530IRxifQXqx3dP9R7J2CtN45atZYWJLkZAdOiD4Wdu7/nc3J53sUyX34yPx1KQjIN/dajFi15I5imgL+MTBRwaGnnelW8h0vd1Jd5oyktZpzbdUTKu2YNGi09BNAL/4YXpg4hHHdvLV5yS2lhbV8mw6CWckydHr4AsnMCWQQMWSg3XoteU6lL+Gyg/HFbOxnNbPn root@ubuntu-bionic
-----END SSH HOST KEY KEYS-----
[   88.128515] cloud-init[1905]: Cloud-init v. 21.4-0ubuntu1~18.04.1 running 'modules:final' at Sun, 30 Jan 2022 18:44:41 +0000. Up 87.42 seconds.
[   88.149919] cloud-init[1905]: ci-info: no authorized SSH keys fingerprints found for user ubuntu.
[   88.157442] cloud-init[1905]: Cloud-init v. 21.4-0ubuntu1~18.04.1 finished at Sun, 30 Jan 2022 18:44:42 +0000. Datasource DataSourceNoCloud [seed=/dev/sdb][dsmode=net].  Up 88.12 seconds
[[0;32m  OK  [0m] Stopped Unattended Upgrades Shutdown.
[[0;32m  OK  [0m] Stopped target Cloud-init ta[[0;32m  OK  [0m] Stopped Unattended Upgrades Shutdown.
         Stopping User Manager for UID 1000...
[[0;32m  OK  [0m] Stopped target Timers.
[[0;32m  OK  [0m] Stopped Message of the Day.
[[0;32m  OK  [0m] Stopped Daily apt upgrade and clean activities.
[[0;32m  OK  [0m] Stopped target Host and Network Name Lookups.
         Stopping Availability of block devices...
[[0;32m  OK  [0m] Stopped target Cloud-init target.
[[0;32m  OK  [0m] Stopped Discard unused blocks once a week.
         Stopping Session 10 of user vagrant.
[[0;32m  OK  [0m] Stopped Ubuntu Advantage Timer for running repeated jobs.
[[0;32m  OK  [0m] Closed Load/Save RF Kill Switch Status /dev/rfkill Watch.
         Stopping Authorization Manager...
[[0;32m  OK  [0m] Stopped Daily Cleanup of Temporary Directories.
[[0;32m  OK  [0m] Stopped target Graphical Interface.
         Stopping Accounts Service...
[[0;32m  OK  [0m] Stopped Daily apt download activities.
[[0;32m  OK  [0m] Stopped target System Time Synchronized.
[[0;32m  OK  [0m] Stopped Execute cloud user/final scripts.
[[0;32m  OK  [0m] Stopped target Multi-User System.
         Stopping FUSE filesystem for LXC...
         Stopping LSB: Record successful boot for GRUB...
         Stopping OpenBSD Secure Shell server...
         Stopping Virtualbox guest utils...
         Stopping Deferred execution scheduler...
         Stopping LSB: automatic crash report generation...
         Stopping LXD - container startup/shutdown...
         Stopping Dispatcher daemon for systemd-networkd...
[[0;32m  OK  [0m] Stopped target Login Prompts.
         Stopping Serial Getty on ttyS0...
         Stopping Getty on tty1...
         Stopping MySQL Community Server...
         Stopping Regular background program processing daemon...
         Stopping D-Bus System Message Bus...
         Stopping System Logging Service...
[[0;32m  OK  [0m] Stopped Apply the settings specified in cloud-config.
[[0;32m  OK  [0m] Stopped Wait until snapd is fully seeded.
[[0;32m  OK  [0m] Stopped target Cloud-config availability.
[[0;32m  OK  [0m] Unmounted /var/lib/lxcfs.
[[0;32m  OK  [0m] Stopped Accounts Service.
[[0;32m  OK  [0m] Stopped Dispatcher daemon for systemd-networkd.
[[0;32m  OK  [0m] Stopped Regular background program processing daemon.
[[0;32m  OK  [0m] Stopped Deferred execution scheduler.
[[0;32m  OK  [0m] Stopped Authorization Manager.
[[0;32m  OK  [0m] Stopped System Logging Service.
[[0;32m  OK  [0m] Stopped Serial Getty on ttyS0.
[[0;32m  OK  [0m] Stopped Getty on tty1.
[[0;32m  OK  [0m] Stopped OpenBSD Secure Shell server.
[[0;32m  OK  [0m] Stopped User Manager for UID 1000.
[[0;32m  OK  [0m] Stopped Availability of block devices.
[[0;32m  OK  [0m] Stopped D-Bus System Message Bus.
[[0;32m  OK  [0m] Stopped FUSE filesystem for LXC.
[[0;32m  OK  [0m] Stopped Session 10 of user vagrant.
[[0;32m  OK  [0m] Stopped LXD - container startup/shutdown.
[[0;32m  OK  [0m] Removed slice User Slice of vagrant.
         Stopping Login Service...
[[0;32m  OK  [0m] Removed slice system-getty.slice.
[[0;32m  OK  [0m] Removed slice system-serial\x2dgetty.slice.
         Stopping Permit User Sessions...
[[0;32m  OK  [0m] Stopped Login Service.
[[0;32m  OK  [0m] Stopped LSB: Record successful boot for GRUB.
[[0;32m  OK  [0m] Stopped LSB: automatic crash report generation.
[[0;32m  OK  [0m] Stopped Permit User Sessions.
[[0;32m  OK  [0m] Stopped target User and Group Name Lookups.
[[0;32m  OK  [0m] Stopped target Remote File Systems.
         Unmounting /configs...
[[0;32m  OK  [0m] Stopped Virtualbox guest utils.
[[0;32m  OK  [0m] Unmounted /configs.
[[0;32m  OK  [0m] Stopped target Network is Online.
[[0;32m  OK  [0m] Stopped target Remote File Systems (Pre).
[[0;32m  OK  [0m] Stopped MySQL Community Server.
[[0;32m  OK  [0m] Stopped target Basic System.
[[0;32m  OK  [0m] Stopped target Paths.
[[0;32m  OK  [0m] Stopped ACPI Events Check.
[[0;32m  OK  [0m] Stopped Trigger to poll for Ubuntu â€¦(Only enabled on GCP LTS non-pro).
[[0;32m  OK  [0m] Stopped target Sockets.
[[0;32m  OK  [0m] Closed D-Bus System Message Bus Socket.
[[0;32m  OK  [0m] Closed LXD - unix socket.
[[0;32m  OK  [0m] Closed cloud-init hotplug hook socket.
[[0;32m  OK  [0m] Closed Socket activation for snappy daemon.
[[0;32m  OK  [0m] Closed UUID daemon activation socket.
[[0;32m  OK  [0m] Closed ACPID Listen Socket.
[[0;32m  OK  [0m] Closed Syslog Socket.
[[0;32m  OK  [0m] Closed Open-iSCSI iscsid Socket.
[[0;32m  OK  [0m] Stopped target System Initialization.
         Stopping Update UTMP about System Boot/Shutdown...
[[0;32m  OK  [0m] Stopped Commit a transient machine-id on disk.
         Stopping Load/Save Random Seed...
[[0;32m  OK  [0m] Stopped Initial cloud-init job (metadata service crawler).
[[0;32m  OK  [0m] Stopped target Local Encrypted Volumes.
[[0;32m  OK  [0m] Stopped Forward Password Requests to Wall Directory Watch.
[[0;32m  OK  [0m] Stopped Dispatch Password Requests to Console Directory Watch.
[[0;32m  OK  [0m] Stopped target Slices.
[[0;32m  OK  [0m] Removed slice User and Session Slice.
[[0;32m  OK  [0m] Stopped target Network.
         Stopping Network Name Resolution...
[[0;32m  OK  [0m] Stopped Update UTMP about System Boot/Shutdown.
[[0;32m  OK  [0m] Stopped Network Name Resolution.
         Stopping Network Service...
[[0;32m  OK  [0m] Stopped Create Volatile Files and Directories.
[[0;32m  OK  [0m] Stopped target Local File Systems.
         Unmounting /run/user/1000...
[[0;32m  OK  [0m] Unmounted /run/user/1000.
[[0;32m  OK  [0m] Reached target Unmount All Filesystems.
[[0;32m  OK  [0m] Stopped target Swap.
[[0;32m  OK  [0m] Stopped target Local File Systems (Pre).
         Stopping Monitoring of LVM2 mirrorsâ€¦ng dmeventd or progress polling...
[[0;32m  OK  [0m] Stopped Create Static Device Nodes in /dev.
[[0;32m  OK  [0m] Stopped Load/Save Random Seed.
[[0;32m  OK  [0m] Stopped Monitoring of LVM2 mirrors,â€¦sing dmeventd or progress polling.
[[0;32m  OK  [0m] Stopped Network Service.
[[0;32m  OK  [0m] Stopped Apply Kernel Variables.
[[0;32m  OK  [0m] Stopped Load Kernel Modules.
[[0;32m  OK  [0m] Stopped target Network (Pre).
[[0;32m  OK  [0m] Stopped Initial cloud-init job (pre-networking).
[[0;32m  OK  [0m] Stopped Remount Root and Kernel File Systems.
[[0;32m  OK  [0m] Reached target Shutdown.
[[0;32m  OK  [0m] Reached target Final Step.
         Starting Power-Off...
         Stopping LVM2 metadata daemon...
[[0;32m  OK  [0m] Stopped LVM2 metadata daemon.
[ 6206.520192] reboot: Power down
